// Jest Snapshot v1, https://goo.gl/fbAQLP

exports[`should render properly 1`] = `
<svg
  className="measure-details-treemap-legend"
  height={20}
  width={200}
>
  <defs>
    <linearGradient
      id="gradient-legend"
    >
      <stop
        key="0"
        offset={0}
        stopColor="#00aa00"
      />
      <stop
        key="1"
        offset={0.25}
        stopColor="#b0d513"
      />
      <stop
        key="2"
        offset={0.5}
        stopColor="#eabe06"
      />
      <stop
        key="3"
        offset={0.75}
        stopColor="#ed7d20"
      />
      <stop
        key="4"
        offset={1}
        stopColor="#d4333f"
      />
    </linearGradient>
  </defs>
  <g
    transform="translate(0, 12)"
  >
    <rect
      fill="url(#gradient-legend)"
      height={8}
      width={176}
      x={0}
      y={0}
    />
    <text
      className="gradient-legend-text"
      dy="-2px"
      key="0"
      x={0}
      y={0}
    >
      0
    </text>
    <text
      className="gradient-legend-text"
      dy="-2px"
      key="1"
      x={44}
      y={0}
    >
      25
    </text>
    <text
      className="gradient-legend-text"
      dy="-2px"
      key="2"
      x={88}
      y={0}
    >
      50
    </text>
    <text
      className="gradient-legend-text"
      dy="-2px"
      key="3"
      x={132}
      y={0}
    >
      75
    </text>
    <text
      className="gradient-legend-text"
      dy="-2px"
      key="4"
      x={176}
      y={0}
    >
      100
    </text>
  </g>
  <g
    transform="translate(176, 12)"
  >
    <rect
      fill="#777"
      height={8}
      width={20}
      x={4}
      y={0}
    />
    <text
      className="gradient-legend-na"
      dy="-2px"
      x={14}
      y={0}
    >
      N/A
    </text>
  </g>
</svg>
`;
