// Jest Snapshot v1, https://goo.gl/fbAQLP

exports[`should render correctly 1`] = `
<div
  className="news-box"
  role="alert"
>
  <div
    className="news-box-header"
  >
    <div
      className="display-flex-center"
    >
      <span
        className="badge badge-info spacer-right"
      >
        new
      </span>
      <strong>
        title
      </strong>
    </div>
    <ClearButton
      className="button-tiny"
      iconProps={
        Object {
          "size": 12,
          "thin": true,
        }
      }
      onClick={[MockFunction]}
    />
  </div>
  <div
    className="big-spacer-top note"
  >
    <div>
      description
    </div>
  </div>
</div>
`;
