// Jest Snapshot v1, https://goo.gl/fbAQLP

exports[`should render Select 1`] = `
<Select
  autoFocus={true}
  escapeClearsValue={false}
  filterOption={[Function]}
  isLoading={false}
  noResultsText="select2.tooShort.2"
  onBlurResetsInput={true}
  onChange={[Function]}
  onInputChange={[Function]}
  options={Array []}
  placeholder="search_verb"
  searchable={true}
/>
`;
