// Jest Snapshot v1, https://goo.gl/fbAQLP

exports[`renders 1`] = `
<div
  className="search-box"
  title=""
>
  <input
    aria-label="search_verb"
    autoComplete="off"
    className="search-box-input"
    maxLength={100}
    onChange={[Function]}
    onKeyDown={[Function]}
    placeholder="placeholder"
    type="search"
    value="foo"
  />
  <DeferredSpinner
    loading={false}
  >
    <SearchIcon
      className="search-box-magnifier"
    />
  </DeferredSpinner>
  <ClearButton
    aria-label="clear"
    className="button-tiny search-box-clear"
    iconProps={
      Object {
        "size": 12,
      }
    }
    onClick={[Function]}
  />
</div>
`;
