// Jest Snapshot v1, https://goo.gl/fbAQLP

exports[`should render correctly 1`] = `
<svg
  height={16}
  style={
    Object {
      "clipRule": "evenodd",
      "fillRule": "evenodd",
      "strokeLinejoin": "round",
      "strokeMiterlimit": 1.41421,
    }
  }
  version="1.1"
  viewBox="0 0 16 16"
  width={16}
  xmlSpace="preserve"
  xmlnsXlink="http://www.w3.org/1999/xlink"
>
  <path
    d="test-path"
  />
</svg>
`;
