// Jest Snapshot v1, https://goo.gl/fbAQLP

exports[`should render correctly: standard 1`] = `
<DateFormatter
  date={2020-02-20T20:20:20.000Z}
  long={true}
>
  <Component />
</DateFormatter>
`;
